// Vitest Snapshot v1, https://vitest.dev/guide/snapshot.html

exports[`EditProfileForm Tests > Matches snapshot 1`] = `
<DocumentFragment>
  EditProfileForm
</DocumentFragment>
`;
