// Vitest Snapshot v1, https://vitest.dev/guide/snapshot.html

exports[`ProfileForm Tests > Matches snapshot 1`] = `
<DocumentFragment>
  <form
    class="ProfileForm"
  >
    <h2>
      Edit Profile
    </h2>
    <p>
      <label
        for="username"
      >
        Username: 
      </label>
      <input
        name="username"
        readonly=""
      />
    </p>
    <p>
      <label
        for="password"
      >
        New Password (leave blank to not change): 
      </label>
      <input
        autocomplete="new-password"
        name="password"
        type="password"
      />
    </p>
    <p>
      <label
        for="confirm"
      >
        Confirm New Password: 
      </label>
      <input
        autocomplete="new-password"
        name="confirm"
        type="password"
      />
    </p>
    <p>
      <label
        for="firstName"
      >
        First Name: 
      </label>
      <input
        name="firstName"
      />
    </p>
    <p>
      <label
        for="lastName"
      >
        Last Name: 
      </label>
      <input
        name="lastName"
      />
    </p>
    <p>
      <label
        for="email"
      >
        Email: 
      </label>
      <input
        name="email"
        type="email"
      />
    </p>
    <button
      type="submit"
    >
      Save
    </button>
  </form>
</DocumentFragment>
`;
