// Vitest Snapshot v1, https://vitest.dev/guide/snapshot.html

exports[`SignupForm Tests > Matches snapshot 1`] = `
<DocumentFragment>
  Sign up today!
</DocumentFragment>
`;
