// Vitest Snapshot v1, https://vitest.dev/guide/snapshot.html

exports[`Alert Tests > Matches snapshot 1`] = `
<DocumentFragment>
  <aside
    class="Alert"
  />
</DocumentFragment>
`;
