// Vitest Snapshot v1, https://vitest.dev/guide/snapshot.html

exports[`LoadingIndicator Tests > Matches snapshot 1`] = `
<DocumentFragment>
  <section
    class="LoadingIndicator"
  >
    Loading...
  </section>
</DocumentFragment>
`;
